namespace = "Compile"
expectation = "Pass"
outputs = [[{ compile = [
    { initial_symbol_table = "c05e8ce7b527a0192d65e50963afd67a1fe92c837da97a5299c22af29f0275dd", type_checked_symbol_table = "8b2f1b5c22979924b6e08419e57fb515c05d3ce6932a9d1c1533ed4a2927aec2", unrolled_symbol_table = "8b2f1b5c22979924b6e08419e57fb515c05d3ce6932a9d1c1533ed4a2927aec2", initial_ast = "713c85bcb7d5fef43e4626a09e4fe3858f76de6025fcae475cb0398c26b5d123", unrolled_ast = "713c85bcb7d5fef43e4626a09e4fe3858f76de6025fcae475cb0398c26b5d123", ssa_ast = "5e2a213bd10e28dad299e0e48ac3336484fd2ffd894eeb63d15d67e6af65195e", flattened_ast = "11828763a38326b604155e1074699e6ca85205fbc83167d554624d0fe5d8bb2b", destructured_ast = "83c9eaa9aef53de6143980c9e001e59da64c291a7b2aa0693139b868339e589c", inlined_ast = "dda1aade2a50a9f25571004c8a68e3ff90efadd6a567ce25b1edbbd2e82b59d7", dce_ast = "dda1aade2a50a9f25571004c8a68e3ff90efadd6a567ce25b1edbbd2e82b59d7", bytecode = """
program test.aleo;

mapping foo:
    key as u32.public;
    value as u32.public;

function main_inner:
    input r0 as u32.public;
    input r1 as u32.public;
    async main_inner r0 r1 into r2;
    output r2 as test.aleo/main_inner.future;

finalize main_inner:
    input r0 as u32.public;
    input r1 as u32.public;
    set r1 into foo[r0];
""", errors = "", warnings = "" },
    { initial_symbol_table = "748f1d6d760d63c1eb80d518379d99323e13132bf77520f8442534c79c64895b", type_checked_symbol_table = "3c5970cf8251ed27741614785eb8871b1df48e9437da1cc425c9c85448f63ed3", unrolled_symbol_table = "3c5970cf8251ed27741614785eb8871b1df48e9437da1cc425c9c85448f63ed3", initial_ast = "c1dddbcc56c1c3e89c4633a45eac54ca710cbb206f002e3cc8a4312342d5e43e", unrolled_ast = "1717122f03eb439466cb78560d07bb79e508a7549ce60de07bb76b1c0ccefdad", ssa_ast = "c53df47cb4b84b067fea09e1b1dbadeb7751b57c6624961d5df4317f609eddd1", flattened_ast = "ba297f2543a11739a669f85af00f9bae6b9149c6860d895216f1e5bd96617642", destructured_ast = "8531973ac60ebf3c0d7884bd0aa36794242a6575c379113053c01ca8f11a805f", inlined_ast = "48b3da6f8d8a056bb2e18f2b1b3d83d8a00ed4d259d65ad86321b824390141e9", dce_ast = "48b3da6f8d8a056bb2e18f2b1b3d83d8a00ed4d259d65ad86321b824390141e9", bytecode = """
import test.aleo;
program basic.aleo;

function main:
    input r0 as u32.public;
    input r1 as u32.private;
    call test.aleo/main_inner 0u32 0u32 into r2;
    call test.aleo/main_inner 1u32 1u32 into r3;
    async main r2 r3 into r4;
    output r4 as basic.aleo/main.future;

finalize main:
    input r0 as test.aleo/main_inner.future;
    input r1 as test.aleo/main_inner.future;
    await r1;
    await r0;
""", errors = "", warnings = """
Warning [WSAZ0374003]: The future `f2` is not awaited in the order in which they were passed in to the `async` function.
    --> compiler-test:13:9
     |
  13 |         f2.await();
     |         ^^
     |
     = While it is not required for futures to be awaited in order, there is some specific behavior that arises, which may affect the semantics of your program. See `https://github.com/AleoNet/snarkVM/issues/2570` for more context.""" },
] }]]
