namespace = "Compile"
expectation = "Pass"
outputs = [[{ compile = [
    { initial_symbol_table = "c05e8ce7b527a0192d65e50963afd67a1fe92c837da97a5299c22af29f0275dd", type_checked_symbol_table = "8b2f1b5c22979924b6e08419e57fb515c05d3ce6932a9d1c1533ed4a2927aec2", unrolled_symbol_table = "8b2f1b5c22979924b6e08419e57fb515c05d3ce6932a9d1c1533ed4a2927aec2", initial_ast = "713c85bcb7d5fef43e4626a09e4fe3858f76de6025fcae475cb0398c26b5d123", unrolled_ast = "713c85bcb7d5fef43e4626a09e4fe3858f76de6025fcae475cb0398c26b5d123", ssa_ast = "5e2a213bd10e28dad299e0e48ac3336484fd2ffd894eeb63d15d67e6af65195e", flattened_ast = "11828763a38326b604155e1074699e6ca85205fbc83167d554624d0fe5d8bb2b", destructured_ast = "83c9eaa9aef53de6143980c9e001e59da64c291a7b2aa0693139b868339e589c", inlined_ast = "dda1aade2a50a9f25571004c8a68e3ff90efadd6a567ce25b1edbbd2e82b59d7", dce_ast = "dda1aade2a50a9f25571004c8a68e3ff90efadd6a567ce25b1edbbd2e82b59d7", bytecode = """
program test.aleo;

mapping foo:
    key as u32.public;
    value as u32.public;

function main_inner:
    input r0 as u32.public;
    input r1 as u32.public;
    async main_inner r0 r1 into r2;
    output r2 as test.aleo/main_inner.future;

finalize main_inner:
    input r0 as u32.public;
    input r1 as u32.public;
    set r1 into foo[r0];
""", errors = "", warnings = "" },
    { initial_symbol_table = "748f1d6d760d63c1eb80d518379d99323e13132bf77520f8442534c79c64895b", type_checked_symbol_table = "3c5970cf8251ed27741614785eb8871b1df48e9437da1cc425c9c85448f63ed3", unrolled_symbol_table = "3c5970cf8251ed27741614785eb8871b1df48e9437da1cc425c9c85448f63ed3", initial_ast = "0614c4d1a71ead028505adbca60be45e21f8dfff3cac5c2d5825fdccb742599a", unrolled_ast = "3937cfdaeaeb310aed147b646aa466e86c2be135f08c34caba4c442d9287cc00", ssa_ast = "085e51180733890a2fa69926ff9aff285cbe30fbfb212363b7cde717f8fdb726", flattened_ast = "f8c1203193c1ede409ac0f76bdd99dcc3030182b0e04fcde92b21588e2130806", destructured_ast = "c2f3abb79321f123b41bf581e21b8abe73f799f1e3d4431fa68849d7ee4f2053", inlined_ast = "501b7b97d2873c583d12763895fa3d01a7fac7a7554d91b71850d9f8060413c8", dce_ast = "501b7b97d2873c583d12763895fa3d01a7fac7a7554d91b71850d9f8060413c8", bytecode = """
import test.aleo;
program basic.aleo;

function main:
    input r0 as u32.public;
    input r1 as u32.private;
    call test.aleo/main_inner 0u32 0u32 into r2;
    call test.aleo/main_inner 1u32 1u32 into r3;
    async main r3 r2 into r4;
    output r4 as basic.aleo/main.future;

finalize main:
    input r0 as test.aleo/main_inner.future;
    input r1 as test.aleo/main_inner.future;
    await r0;
    await r1;
""", errors = "", warnings = "" },
] }]]
